// Jest Snapshot v1, https://goo.gl/fbAQLP

exports[`App component Snapshot test 1`] = `
<DocumentFragment>
  <div
    class="App"
  />
</DocumentFragment>
`;
